../Core/Src/main.cpp:333:6:void turnOffCoffeePot()	8	static
../Core/Src/main.cpp:326:6:void turnOnCoffeePot()	8	static
../Core/Src/main.cpp:79:6:void SystemClock_Config()	120	static,ignoring_inline_asm
../Core/Src/main.cpp:44:5:int main()	64	static,ignoring_inline_asm
../Core/Src/main.cpp:264:9:uint8_t receiveBT_Data(int)	16	static
../Core/Src/main.cpp:276:6:void HAL_LPTIM_AutoReloadMatchCallback(LPTIM_HandleTypeDef*)	8	static
../Core/Src/main.cpp:283:6:void HAL_UART_ErrorCallback(UART_HandleTypeDef*)	8	static
../Core/Src/main.cpp:349:6:void translateTime(int, int*, int*, int*)	24	static
../Core/Src/main.cpp:338:6:void startNewTimer()	32	static
../Core/Src/main.cpp:294:6:void printOptions()	24	static
../Core/Src/main.cpp:287:6:void HAL_UART_RxCpltCallback(UART_HandleTypeDef*)	8	static
../Core/Src/main.cpp:362:6:void Error_Handler()	0	static,ignoring_inline_asm
../Core/Src/main.cpp:371:1:cpp)	8	static
