../Drivers/LCD/lcd.c:945:13:window_1_callback	0	static,ignoring_inline_asm
../Drivers/LCD/lcd.c:187:13:LCD_WriteData	24	static
../Drivers/LCD/lcd.c:358:6:LCD_FillPixels	144	static
../Drivers/LCD/lcd.c:622:13:clearTime	8	static
../Drivers/LCD/lcd.c:627:13:printTime	16	static
../Drivers/LCD/lcd.c:76:13:setSPI_Size	12	static
../Drivers/LCD/lcd.c:548:13:LCD_Update	8	static
../Drivers/LCD/lcd.c:164:13:LCD_WriteCommand	16	static
../Drivers/LCD/lcd.c:301:13:LCD_SetAddressWindow	24	static
../Drivers/LCD/lcd.c:388:7:LCD_FillArea	8	static
../Drivers/LCD/lcd.c:415:8:LCD_Fill	32	static
../Drivers/LCD/lcd.c:485:8:LCD_DrawLine	24	static
../Drivers/LCD/lcd.c:448:6:LCD_DrawImage	16	static
../Drivers/LCD/lcd.c:330:6:LCD_DrawPixel	16	static
../Drivers/LCD/lcd.c:255:6:LCD_SetRotation	16	static
../Drivers/LCD/lcd.c:504:6:LCD_InvertColors	16	static
../Drivers/LCD/lcd.c:512:6:LCD_PutChar	40	static
../Drivers/LCD/lcd.c:518:6:LCD_PutStr	32	static
../Drivers/LCD/lcd.c:534:6:LCD_TearEffect	16	static
../Drivers/LCD/lcd.c:541:6:LCD_setPower	16	static
../Drivers/LCD/lcd.c:579:6:LCD_init	16	static
../Drivers/LCD/lcd.c:663:6:LCD_Test	96	static
